<?xml version="1.0" encoding="UTF-8"?>
<testsuites name="jest tests" tests="4" failures="0" errors="0" time="3.353">
  <testsuite name="toCamelCase" errors="0" failures="0" skipped="0" timestamp="2023-07-03T00:00:19" time="3.136" tests="4">
    <testcase classname="toCamelCase should convert space-separated string to camel case" name="toCamelCase should convert space-separated string to camel case" time="0.003">
    </testcase>
    <testcase classname="toCamelCase should convert multi-word string with special characters to camel case" name="toCamelCase should convert multi-word string with special characters to camel case" time="0.001">
    </testcase>
    <testcase classname="toCamelCase should return an empty string for an empty input" name="toCamelCase should return an empty string for an empty input" time="0">
    </testcase>
    <testcase classname="toCamelCase should detect sub strings that are already camel case" name="toCamelCase should detect sub strings that are already camel case" time="0">
    </testcase>
  </testsuite>
</testsuites>